// Jest Snapshot v1, https://goo.gl/fbAQLP

exports[`<GuidedSelectionScreen /> Renders 1`] = `ShallowWrapper {}`;
