// Jest Snapshot v1, https://goo.gl/fbAQLP

exports[`<ActionButton /> should render and match the snapshot 1`] = `ShallowWrapper {}`;
