// Jest Snapshot v1, https://goo.gl/fbAQLP

exports[`<Checkbox /> Renders 1`] = `ShallowWrapper {}`;
