// Jest Snapshot v1, https://goo.gl/fbAQLP

exports[`<ExerciseCounter /> Renders with props 1`] = `ShallowWrapper {}`;
