// Jest Snapshot v1, https://goo.gl/fbAQLP

exports[`<PaginationControls /> Renders 1`] = `ShallowWrapper {}`;
