// Jest Snapshot v1, https://goo.gl/fbAQLP

exports[`<RadioButton /> Renders 1`] = `ShallowWrapper {}`;
