// Jest Snapshot v1, https://goo.gl/fbAQLP

exports[`<RepInputGroup /> Renders 1`] = `ShallowWrapper {}`;
