// Jest Snapshot v1, https://goo.gl/fbAQLP

exports[`<WeightEditor /> Renders 1`] = `ShallowWrapper {}`;
